{"timestamp": "2026-09-15T13:21:45.117846", "type": "SYSTEM_START", "message": "Scheduler initialized and ready"}
{"timestamp": "2026-09-15T13:21:45.118208", "type": "SCHEDULER_STARTED", "message": "Trading system now running"}
{"timestamp": "2026-09-15T13:21:45.118694", "type": "STARTUP_SCAN", "message": "Past scan time (14:21 ET). Running scan immediately."}
{"timestamp": "2026-09-15T13:21:45.435461", "type": "ACCOUNT_SUMMARY", "message": "Equity: $94403.77 | Buying Power: $369255.08 | Portfolio Risk: 0.0%", "equity": 94403.77, "buying_power": 369255.08, "portfolio_risk_pct": 0.0}
{"timestamp": "2026-09-15T13:21:45.436744", "type": "SCAN_START", "message": "Beginning scan of 495 S&P 500 stocks", "ticker_count": 495}
{"timestamp": "2026-09-15T13:21:50.655603", "type": "ENTRY_SIGNAL", "message": "HD Put Credit Spread (sell put) | Credit: $3.32 | DTE: 45", "signal": {"symbol": "HD", "spread_direction": "put_spread", "estimated_credit": 3.32, "dte": 45, "timestamp": "2026-09-15T13:21:50.655568"}}
{"timestamp": "2026-09-15T13:21:50.657834", "type": "RISK_CHECK", "message": "HD: \u2713 ALLOWED - Risk check passed", "symbol": "HD", "result": {"allowed": true, "reason": "Risk check passed", "contracts": 2, "projected_risk": 336.00000000000006, "projected_risk_pct": 0.0035529699709534136}}
{"timestamp": "2026-09-15T13:21:50.868120", "type": "TRADE_OPENED", "message": "HD put_spread | Qty: 2 | Credit: $3.32", "trade": {"order_id": "HD_1789496510.662109", "symbol": "HD", "direction": "put_spread", "quantity": 2, "entry_credit": 3.32, "dte": 45, "timestamp": "2026-09-15T13:21:50.868081"}}
{"timestamp": "2026-09-15T13:21:52.346560", "type": "SIGNAL_REJECTED", "message": "CRM: Credit too low or invalid signal"}
{"timestamp": "2026-09-15T13:21:55.639782", "type": "SIGNAL_REJECTED", "message": "QCOM: Credit too low or invalid signal"}
{"timestamp": "2026-09-15T13:21:57.411507", "type": "ENTRY_SIGNAL", "message": "HON Put Credit Spread (sell put) | Credit: $2.25 | DTE: 45", "signal": {"symbol": "HON", "spread_direction": "put_spread", "estimated_credit": 2.25, "dte": 45, "timestamp": "2026-09-15T13:21:57.411489"}}
{"timestamp": "2026-09-15T13:21:57.412678", "type": "RISK_CHECK", "message": "HON: \u2713 ALLOWED - Risk check passed", "symbol": "HON", "result": {"allowed": true, "reason": "Risk check passed", "contracts": 1, "projected_risk": 611.0, "projected_risk_pct": 0.0064636406461228675}}
{"timestamp": "2026-09-15T13:21:57.599751", "type": "TRADE_OPENED", "message": "HON put_spread | Qty: 1 | Credit: $2.25", "trade": {"order_id": "HON_1789496517.414502", "symbol": "HON", "direction": "put_spread", "quantity": 1, "entry_credit": 2.25, "dte": 45, "timestamp": "2026-09-15T13:21:57.599695"}}
{"timestamp": "2026-09-15T13:21:59.525202", "type": "ENTRY_SIGNAL", "message": "RTX Put Credit Spread (sell put) | Credit: $2.21 | DTE: 45", "signal": {"symbol": "RTX", "spread_direction": "put_spread", "estimated_credit": 2.21, "dte": 45, "timestamp": "2026-09-15T13:21:59.525178"}}
{"timestamp": "2026-09-15T13:21:59.526465", "type": "RISK_CHECK", "message": "RTX: \u2713 ALLOWED - Risk check passed", "symbol": "RTX", "result": {"allowed": true, "reason": "Risk check passed", "contracts": 1, "projected_risk": 890.0, "projected_risk_pct": 0.009441095625356959}}
{"timestamp": "2026-09-15T13:21:59.758357", "type": "TRADE_OPENED", "message": "RTX put_spread | Qty: 1 | Credit: $2.21", "trade": {"order_id": "RTX_1789496519.529344", "symbol": "RTX", "direction": "put_spread", "quantity": 1, "entry_credit": 2.21, "dte": 45, "timestamp": "2026-09-15T13:21:59.758312"}}
{"timestamp": "2026-09-15T13:22:01.111117", "type": "ENTRY_SIGNAL", "message": "GE Put Credit Spread (sell put) | Credit: $3.33 | DTE: 45", "signal": {"symbol": "GE", "spread_direction": "put_spread", "estimated_credit": 3.33, "dte": 45, "timestamp": "2026-09-15T13:22:01.111107"}}
{"timestamp": "2026-09-15T13:22:01.112010", "type": "RISK_CHECK", "message": "GE: \u2713 ALLOWED - Risk check passed", "symbol": "GE", "result": {"allowed": true, "reason": "Risk check passed", "contracts": 2, "projected_risk": 1224.0, "projected_risk_pct": 0.01301177108170021}}
{"timestamp": "2026-09-15T13:22:01.567310", "type": "TRADE_OPENED", "message": "GE put_spread | Qty: 2 | Credit: $3.33", "trade": {"order_id": "GE_1789496521.113046", "symbol": "GE", "direction": "put_spread", "quantity": 2, "entry_credit": 3.33, "dte": 45, "timestamp": "2026-09-15T13:22:01.567286"}}
{"timestamp": "2026-09-15T13:22:02.223279", "type": "SIGNAL_REJECTED", "message": "CVX: Credit too low or invalid signal"}
{"timestamp": "2026-09-15T13:22:02.553504", "type": "SIGNAL_REJECTED", "message": "SO: Credit too low or invalid signal"}
{"timestamp": "2026-09-15T13:22:05.995068", "type": "SIGNAL_REJECTED", "message": "COP: Credit too low or invalid signal"}
{"timestamp": "2026-09-15T13:22:11.130135", "type": "ENTRY_SIGNAL", "message": "CDNS Put Credit Spread (sell put) | Credit: $3.00 | DTE: 45", "signal": {"symbol": "CDNS", "spread_direction": "put_spread", "estimated_credit": 3.0, "dte": 45, "timestamp": "2026-09-15T13:22:11.130104"}}
{"timestamp": "2026-09-15T13:22:11.133919", "type": "RISK_CHECK", "message": "CDNS: \u2713 ALLOWED - Risk check passed", "symbol": "CDNS", "result": {"allowed": true, "reason": "Risk check passed", "contracts": 2, "projected_risk": 1624.0, "projected_risk_pct": 0.0173210832887063}}
{"timestamp": "2026-09-15T13:22:11.898390", "type": "TRADE_OPENED", "message": "CDNS put_spread | Qty: 2 | Credit: $3.00", "trade": {"order_id": "CDNS_1789496531.137273", "symbol": "CDNS", "direction": "put_spread", "quantity": 2, "entry_credit": 3.0, "dte": 45, "timestamp": "2026-09-15T13:22:11.898343"}}
{"timestamp": "2026-09-15T13:22:27.576088", "type": "SIGNAL_REJECTED", "message": "TROW: Credit too low or invalid signal"}
{"timestamp": "2026-09-15T13:22:28.120002", "type": "SIGNAL_REJECTED", "message": "DECK: Credit too low or invalid signal"}
{"timestamp": "2026-09-15T13:22:29.748834", "type": "SIGNAL_REJECTED", "message": "PARA: Credit too low or invalid signal"}
{"timestamp": "2026-09-15T13:22:30.198057", "type": "ENTRY_SIGNAL", "message": "RCL Put Credit Spread (sell put) | Credit: $2.75 | DTE: 45", "signal": {"symbol": "RCL", "spread_direction": "put_spread", "estimated_credit": 2.75, "dte": 45, "timestamp": "2026-09-15T13:22:30.198025"}}
{"timestamp": "2026-09-15T13:22:30.200798", "type": "RISK_CHECK", "message": "RCL: \u2713 ALLOWED - Risk check passed", "symbol": "RCL", "result": {"allowed": true, "reason": "Risk check passed", "contracts": 1, "projected_risk": 1849.0, "projected_risk_pct": 0.02002198845308428}}
{"timestamp": "2026-09-15T13:22:30.474752", "type": "TRADE_OPENED", "message": "RCL put_spread | Qty: 1 | Credit: $2.75", "trade": {"order_id": "RCL_1789496550.203918", "symbol": "RCL", "direction": "put_spread", "quantity": 1, "entry_credit": 2.75, "dte": 45, "timestamp": "2026-09-15T13:22:30.474705"}}
{"timestamp": "2026-09-15T13:22:34.143236", "type": "ENTRY_SIGNAL", "message": "TJX Put Credit Spread (sell put) | Credit: $1.49 | DTE: 45", "signal": {"symbol": "TJX", "spread_direction": "put_spread", "estimated_credit": 1.49, "dte": 45, "timestamp": "2026-09-15T13:22:34.143203"}}
{"timestamp": "2026-09-15T13:22:34.146088", "type": "RISK_CHECK", "message": "TJX: \u2713 ALLOWED - Risk check passed", "symbol": "TJX", "result": {"allowed": true, "reason": "Risk check passed", "contracts": 1, "projected_risk": 2200.0, "projected_risk_pct": 0.023903061351987574}}
{"timestamp": "2026-09-15T13:22:34.511344", "type": "TRADE_OPENED", "message": "TJX put_spread | Qty: 1 | Credit: $1.49", "trade": {"order_id": "TJX_1789496554.149488", "symbol": "TJX", "direction": "put_spread", "quantity": 1, "entry_credit": 1.49, "dte": 45, "timestamp": "2026-09-15T13:22:34.511297"}}
{"timestamp": "2026-09-15T13:22:42.302366", "type": "ENTRY_SIGNAL", "message": "TT Put Credit Spread (sell put) | Credit: $4.44 | DTE: 45", "signal": {"symbol": "TT", "spread_direction": "put_spread", "estimated_credit": 4.44, "dte": 45, "timestamp": "2026-09-15T13:22:42.302301"}}
{"timestamp": "2026-09-15T13:22:42.305797", "type": "RISK_CHECK", "message": "TT: \u2713 ALLOWED - Risk check passed", "symbol": "TT", "result": {"allowed": true, "reason": "Risk check passed", "contracts": 7, "projected_risk": 2591.9999999999995, "projected_risk_pct": 0.028143820569245685}}
{"timestamp": "2026-09-15T13:22:42.592840", "type": "TRADE_OPENED", "message": "TT put_spread | Qty: 7 | Credit: $4.44", "trade": {"order_id": "TT_1789496562.311564", "symbol": "TT", "direction": "put_spread", "quantity": 7, "entry_credit": 4.44, "dte": 45, "timestamp": "2026-09-15T13:22:42.592795"}}
{"timestamp": "2026-09-15T13:22:45.102611", "type": "ENTRY_SIGNAL", "message": "ODFL Put Credit Spread (sell put) | Credit: $2.08 | DTE: 45", "signal": {"symbol": "ODFL", "spread_direction": "put_spread", "estimated_credit": 2.08, "dte": 45, "timestamp": "2026-09-15T13:22:45.102579"}}
{"timestamp": "2026-09-15T13:22:45.106034", "type": "RISK_CHECK", "message": "ODFL: \u2713 ALLOWED - Risk check passed", "symbol": "ODFL", "result": {"allowed": true, "reason": "Risk check passed", "contracts": 1, "projected_risk": 2883.9999999999995, "projected_risk_pct": 0.031304146594583186}}
{"timestamp": "2026-09-15T13:22:45.395839", "type": "TRADE_OPENED", "message": "ODFL put_spread | Qty: 1 | Credit: $2.08", "trade": {"order_id": "ODFL_1789496565.110452", "symbol": "ODFL", "direction": "put_spread", "quantity": 1, "entry_credit": 2.08, "dte": 45, "timestamp": "2026-09-15T13:22:45.395791"}}
{"timestamp": "2026-09-15T13:22:53.914684", "type": "SIGNAL_REJECTED", "message": "PNR: Credit too low or invalid signal"}
{"timestamp": "2026-09-15T13:22:54.699455", "type": "SIGNAL_REJECTED", "message": "UDR: Credit too low or invalid signal"}
{"timestamp": "2026-09-15T13:22:57.900142", "type": "ENTRY_SIGNAL", "message": "SNA Put Credit Spread (sell put) | Credit: $4.02 | DTE: 45", "signal": {"symbol": "SNA", "spread_direction": "put_spread", "estimated_credit": 4.02, "dte": 45, "timestamp": "2026-09-15T13:22:57.900111"}}
{"timestamp": "2026-09-15T13:22:57.903583", "type": "RISK_CHECK", "message": "SNA: \u2713 ALLOWED - Risk check passed", "symbol": "SNA", "result": {"allowed": true, "reason": "Risk check passed", "contracts": 4, "projected_risk": 3275.9999999999995, "projected_risk_pct": 0.03553208153246093}}
{"timestamp": "2026-09-15T13:22:58.208842", "type": "TRADE_OPENED", "message": "SNA put_spread | Qty: 4 | Credit: $4.02", "trade": {"order_id": "SNA_1789496577.9081", "symbol": "SNA", "direction": "put_spread", "quantity": 4, "entry_credit": 4.02, "dte": 45, "timestamp": "2026-09-15T13:22:58.208782"}}
{"timestamp": "2026-09-15T13:23:01.517108", "type": "SIGNAL_REJECTED", "message": "MKTX: Credit too low or invalid signal"}
{"timestamp": "2026-09-15T13:23:13.653067", "type": "ENTRY_SIGNAL", "message": "CASY Put Credit Spread (sell put) | Credit: $6.21 | DTE: 45", "signal": {"symbol": "CASY", "spread_direction": "put_spread", "estimated_credit": 6.21, "dte": 45, "timestamp": "2026-09-15T13:23:13.653060"}}
{"timestamp": "2026-09-15T13:23:13.653832", "type": "RISK_CHECK", "message": "CASY: \u2713 ALLOWED - Risk check passed", "symbol": "CASY", "result": {"allowed": true, "reason": "Risk check passed", "contracts": 1, "projected_risk": 3154.9999999999995, "projected_risk_pct": 0.0342382616209055}}
{"timestamp": "2026-09-15T13:23:13.833006", "type": "TRADE_OPENED", "message": "CASY put_spread | Qty: 1 | Credit: $6.21", "trade": {"order_id": "CASY_1789496593.654535", "symbol": "CASY", "direction": "put_spread", "quantity": 1, "entry_credit": 6.21, "dte": 45, "timestamp": "2026-09-15T13:23:13.832957"}}
{"timestamp": "2026-09-15T13:23:14.287676", "type": "SIGNAL_REJECTED", "message": "CLX: Credit too low or invalid signal"}
{"timestamp": "2026-09-15T13:23:18.056147", "type": "SIGNAL_REJECTED", "message": "QFIN: Credit too low or invalid signal"}
{"timestamp": "2026-09-15T13:23:19.867777", "type": "ENTRY_SIGNAL", "message": "TXRH Put Credit Spread (sell put) | Credit: $1.94 | DTE: 45", "signal": {"symbol": "TXRH", "spread_direction": "put_spread", "estimated_credit": 1.94, "dte": 45, "timestamp": "2026-09-15T13:23:19.867745"}}
{"timestamp": "2026-09-15T13:23:19.871247", "type": "RISK_CHECK", "message": "TXRH: \u2713 ALLOWED - Risk check passed", "symbol": "TXRH", "result": {"allowed": true, "reason": "Risk check passed", "contracts": 1, "projected_risk": 3460.9999999999995, "projected_risk_pct": 0.03756306954420834}}
{"timestamp": "2026-09-15T13:23:20.090706", "type": "TRADE_OPENED", "message": "TXRH put_spread | Qty: 1 | Credit: $1.94", "trade": {"order_id": "TXRH_1789496599.875453", "symbol": "TXRH", "direction": "put_spread", "quantity": 1, "entry_credit": 1.94, "dte": 45, "timestamp": "2026-09-15T13:23:20.090659"}}
{"timestamp": "2026-09-15T13:23:21.168697", "type": "ENTRY_SIGNAL", "message": "PSA Put Credit Spread (sell put) | Credit: $3.23 | DTE: 45", "signal": {"symbol": "PSA", "spread_direction": "put_spread", "estimated_credit": 3.23, "dte": 45, "timestamp": "2026-09-15T13:23:21.168666"}}
{"timestamp": "2026-09-15T13:23:21.172855", "type": "RISK_CHECK", "message": "PSA: \u2713 ALLOWED - Risk check passed", "symbol": "PSA", "result": {"allowed": true, "reason": "Risk check passed", "contracts": 2, "projected_risk": 3814.9999999999995, "projected_risk_pct": 0.041547179953850495}}
{"timestamp": "2026-09-15T13:23:21.380262", "type": "TRADE_OPENED", "message": "PSA put_spread | Qty: 2 | Credit: $3.23", "trade": {"order_id": "PSA_1789496601.177341", "symbol": "PSA", "direction": "put_spread", "quantity": 2, "entry_credit": 3.23, "dte": 45, "timestamp": "2026-09-15T13:23:21.380207"}}
{"timestamp": "2026-09-15T13:23:24.883748", "type": "SIGNAL_REJECTED", "message": "AAL: Credit too low or invalid signal"}
{"timestamp": "2026-09-15T13:23:34.289177", "type": "SIGNAL_REJECTED", "message": "APEI: Credit too low or invalid signal"}
{"timestamp": "2026-09-15T13:23:35.111676", "type": "ENTRY_SIGNAL", "message": "POOL Put Credit Spread (sell put) | Credit: $1.92 | DTE: 45", "signal": {"symbol": "POOL", "spread_direction": "put_spread", "estimated_credit": 1.92, "dte": 45, "timestamp": "2026-09-15T13:23:35.111646"}}
{"timestamp": "2026-09-15T13:23:35.114181", "type": "RISK_CHECK", "message": "POOL: \u2713 ALLOWED - Risk check passed", "symbol": "POOL", "result": {"allowed": true, "reason": "Risk check passed", "contracts": 1, "projected_risk": 4123.0, "projected_risk_pct": 0.044891669856882345}}
{"timestamp": "2026-09-15T13:23:35.267773", "type": "TRADE_OPENED", "message": "POOL put_spread | Qty: 1 | Credit: $1.92", "trade": {"order_id": "POOL_1789496615.116278", "symbol": "POOL", "direction": "put_spread", "quantity": 1, "entry_credit": 1.92, "dte": 45, "timestamp": "2026-09-15T13:23:35.267756"}}
{"timestamp": "2026-09-15T13:23:35.989585", "type": "SIGNAL_REJECTED", "message": "INSP: Credit too low or invalid signal"}
{"timestamp": "2026-09-15T13:23:41.164750", "type": "SIGNAL_REJECTED", "message": "SKT: Credit too low or invalid signal"}
{"timestamp": "2026-09-15T13:23:47.705159", "type": "SIGNAL_REJECTED", "message": "CRT: Credit too low or invalid signal"}
{"timestamp": "2026-09-15T13:23:49.273856", "type": "SIGNAL_REJECTED", "message": "FND: Credit too low or invalid signal"}
{"timestamp": "2026-09-15T13:23:49.608744", "type": "SIGNAL_REJECTED", "message": "WHR: Credit too low or invalid signal"}
{"timestamp": "2026-09-15T13:23:49.889667", "type": "ENTRY_SIGNAL", "message": "BURL Put Credit Spread (sell put) | Credit: $2.53 | DTE: 45", "signal": {"symbol": "BURL", "spread_direction": "put_spread", "estimated_credit": 2.53, "dte": 45, "timestamp": "2026-09-15T13:23:49.889657"}}
{"timestamp": "2026-09-15T13:23:49.890872", "type": "RISK_CHECK", "message": "BURL: \u2713 ALLOWED - Risk check passed", "symbol": "BURL", "result": {"allowed": true, "reason": "Risk check passed", "contracts": 1, "projected_risk": 4370.0, "projected_risk_pct": 0.047560318891394}}
{"timestamp": "2026-09-15T13:23:50.127521", "type": "TRADE_OPENED", "message": "BURL put_spread | Qty: 1 | Credit: $2.53", "trade": {"order_id": "BURL_1789496629.891895", "symbol": "BURL", "direction": "put_spread", "quantity": 1, "entry_credit": 2.53, "dte": 45, "timestamp": "2026-09-15T13:23:50.127483"}}
{"timestamp": "2026-09-15T13:23:50.687622", "type": "SIGNAL_REJECTED", "message": "HAYW: Credit too low or invalid signal"}
{"timestamp": "2026-09-15T13:24:07.998409", "type": "SIGNAL_REJECTED", "message": "CHT: Credit too low or invalid signal"}
{"timestamp": "2026-09-15T13:24:16.854901", "type": "SIGNAL_REJECTED", "message": "AMH: Credit too low or invalid signal"}
{"timestamp": "2026-09-15T13:24:18.979355", "type": "SIGNAL_REJECTED", "message": "OBE: Credit too low or invalid signal"}
{"timestamp": "2026-09-15T13:24:29.452234", "type": "SIGNAL_REJECTED", "message": "BTE: Credit too low or invalid signal"}
{"timestamp": "2026-09-15T13:24:31.756670", "type": "SIGNAL_REJECTED", "message": "BRX: Credit too low or invalid signal"}
{"timestamp": "2026-09-15T13:24:32.483427", "type": "SIGNAL_REJECTED", "message": "PFGC: Credit too low or invalid signal"}
{"timestamp": "2026-09-15T13:24:43.136861", "type": "SIGNAL_REJECTED", "message": "FELE: Credit too low or invalid signal"}
{"timestamp": "2026-09-15T13:24:46.279226", "type": "SIGNAL_REJECTED", "message": "CALM: Credit too low or invalid signal"}
{"timestamp": "2026-09-15T13:25:05.619946", "type": "SCAN_COMPLETE", "message": "Scan finished. Processed 44 signals."}
{"timestamp": "2026-09-15T13:25:05.718263", "type": "HOURLY_MAINTENANCE", "message": "Open positions: 15 | Portfolio risk: 4.8% | Session P&L: $0.00"}
{"timestamp": "2026-09-15T14:25:06.005415", "type": "HOURLY_MAINTENANCE", "message": "Open positions: 15 | Portfolio risk: 4.8% | Session P&L: $0.00"}
{"timestamp": "2026-09-15T15:25:06.250048", "type": "HOURLY_MAINTENANCE", "message": "Open positions: 15 | Portfolio risk: 4.9% | Session P&L: $0.00"}
{"timestamp": "2026-09-15T16:25:06.499113", "type": "HOURLY_MAINTENANCE", "message": "Open positions: 15 | Portfolio risk: 4.9% | Session P&L: $0.00"}
